[2026-08-06 15:15:41] [POWER_SHIELD] Iniciando monitor de telemetría eléctrica y estabilidad de red...
[2026-08-06 15:15:41] [POWER_SHIELD] Entorno local verificado. Operación normal en espacio de usuario.
[2026-08-06 15:15:41] [CHRONO_RTC] Verificando disponibilidad de red...
[2026-08-06 15:15:41] [CHRONO_RTC] Referencia temporal global disponible.
[2026-08-06 15:15:41] [RECOVERY] Analizando integridad estructural del workspace...
[2026-08-06 15:15:41] [RECOVERY] Directorios locales verificados y listos de forma segura.
[2026-08-06 15:15:41] [SECURITY] Recolectando ruido del sistema para entropía...
[2026-08-06 15:15:41] [SECURITY] Pool de entropía local reforzado con éxito.
[2026-08-06 15:15:41] [SNAPSHOT] Empaquetando estado crítico del sistema en almacenamiento local...
[2026-08-06 15:15:41] [SNAPSHOT] Snapshot local seguro generado en: ./vault/carrinton_safe/chrono_core_snapshot_20260806_151541.tar.gz
[2026-08-06 15:15:41] [MESH] Iniciando daemon de baliza de radio de emergencia autónoma...
[2026-08-06 15:15:41] [MESH] Baliza simulada activa en entorno local. Escuchando peers...
[2026-08-06 15:15:41] [SUCCESS] Motor de blindaje autónomo ejecutado con éxito. Sistema operativo listo para entorno extremo.
[2026-08-06 15:16:50] [POWER_SHIELD] Iniciando monitor de telemetría eléctrica y estabilidad de red...
[2026-08-06 15:16:50] [POWER_SHIELD] Perfil de energía de conservación adaptado a entorno local.
[2026-08-06 15:16:50] [CHRONO_RTC] Verificando disponibilidad de red global...
[2026-08-06 15:16:50] [CHRONO_RTC] Referencia temporal global disponible.
[2026-08-06 15:16:50] [INTEGRITY] Verificando sumas de verificación SHA-256 de componentes críticos...
[2026-08-06 15:16:50] [INTEGRITY] Manifiesto de seguridad inicial generado y registrado localmente.
[2026-08-06 15:16:50] [SECURITY] Recolectando ruido del sistema para entropía...
[2026-08-06 15:16:50] [SECURITY] Pool de entropía local reforzado para operaciones de cifrado post-aislamiento.
[2026-08-06 15:16:50] [SNAPSHOT] Empaquetando estado crítico del sistema en almacenamiento local seguro...
[2026-08-06 15:16:50] [SNAPSHOT] Snapshot local seguro generado en: ./vault/carrinton_safe/chrono_core_snapshot_20260806_151650.tar.gz
[2026-08-06 15:16:50] [MESH] Evaluando estado de pasarela mesh descentralizada...
[2026-08-06 15:16:50] [MESH] Perfil de enrutamiento off-grid configurado y activo. Escuchando peers locales...
[2026-08-06 15:16:50] [SUCCESS] Motor avanzado de blindaje autónomo ejecutado con éxito. Sistema operativo completamente listo.
[2026-08-06 15:49:06] [DEFENSE] [LEVEL-6] Verificando estado de sensores de pánico físico y Dead Man's Switch...
[2026-08-06 15:49:06] [POWER] [LEVEL-6] Analizando perfiles de energía y radiación geomagnética...
[2026-08-06 15:49:06] [POWER] [LEVEL-6] Operando en modo estación autónoma (UPS / Solar / Red local).
[2026-08-06 15:49:06] [LEDGER] [LEVEL-6] Validando cadena de bloques ligera para inventario inmutable...
[2026-08-06 15:49:06] [LEDGER] [LEVEL-6] Nuevo bloque de inventario incriptado y encadenado al ledger local.
[2026-08-06 15:49:06] [MESH] [LEVEL-6] Inicializando enrutamiento Multi-Radio (LoRa + BLE + WiFi Direct)...
[2026-08-06 15:49:06] [HEALING] [LEVEL-6] Verificando integridad del sistema de archivos y particiones...
[2026-08-06 15:49:06] [HEALING] [LEVEL-6] Sistema verificado. Listo para operar en aislamiento total (Air-Gapped).
[2026-08-06 15:49:06] [SUCCESS] [LEVEL-6] Motor Supremo L6 ejecutado al 100%. Infraestructura soberana y blindada.
[2026-08-06 16:11:21] [DEFENSE] [LEVEL-6-PROD] Verificando integridad de sensores de pánico y Dead Man's Switch...
[2026-08-06 16:11:21] [POWER] [LEVEL-6-PROD] Leyendo sensores físicos de energía (UPS / Solar / AC Grid)...
[2026-08-06 16:11:21] [POWER] [LEVEL-6-PROD] Estado de red eléctrica (Grid): 1 | Nivel de batería: 100%
[2026-08-06 16:11:21] [POWER] [LEVEL-6-PROD] Modo: NORMAL. Operación a máxima capacidad y estabilidad.
