2026-09-16T23:30:23Z | CONTROLLER_START
2026-09-16T23:30:23Z | COMPONENT_OK | SOVEREIGN SECURITY ENGINE
2026-09-16T23:30:23Z | COMPONENT_OK | PROCESS GUARD
2026-09-16T23:30:23Z | COMPONENT_OK | NETWORK GUARD
2026-09-16T23:30:23Z | CONTROLLER_COMPLETE
2026-09-16T23:30:42Z | CONTROLLER_START
2026-09-16T23:30:42Z | COMPONENT_OK | SOVEREIGN SECURITY ENGINE
2026-09-16T23:30:42Z | COMPONENT_OK | PROCESS GUARD
2026-09-16T23:30:43Z | COMPONENT_OK | NETWORK GUARD
2026-09-16T23:30:43Z | CONTROLLER_COMPLETE
2026-09-16T23:32:17Z | CONTROLLER_START
2026-09-16T23:32:17Z | COMPONENT_OK | SOVEREIGN SECURITY ENGINE
2026-09-16T23:32:17Z | COMPONENT_OK | PROCESS GUARD
2026-09-16T23:32:18Z | COMPONENT_OK | NETWORK GUARD
2026-09-16T23:32:18Z | COMPONENT_OK | INTEGRITY GUARD
2026-09-16T23:32:18Z | CONTROLLER_COMPLETE
2026-09-16T23:34:35Z | CONTROLLER_START
2026-09-16T23:34:35Z | COMPONENT_OK | SOVEREIGN SECURITY ENGINE
2026-09-16T23:34:35Z | COMPONENT_OK | PROCESS GUARD
2026-09-16T23:34:35Z | COMPONENT_OK | NETWORK GUARD
2026-09-16T23:34:36Z | COMPONENT_OK | INTEGRITY GUARD
2026-09-16T23:34:36Z | COMPONENT_OK | ANTI-PERSISTENCE GUARD
2026-09-16T23:34:36Z | CONTROLLER_COMPLETE
