2026-09-16T23:31:18Z | INTEGRITY_GUARD_START
2026-09-16T23:31:18Z | FILE_PRESENT | VERSION | SHA256=1e5b51cde515396a9fa762909cf8ca6584ccc564b325d2eebeea76175fe95c4d
2026-09-16T23:31:18Z | FILE_PRESENT | config/chrono.conf | SHA256=981b9375530a2f214e6f231703b64cd2900c53351a62ff1ab3e451d4956740d5
2026-09-16T23:31:19Z | FILE_PRESENT | config/chrono_manifest.sha256 | SHA256=f3058d9943bca9d5d58cb4842fb1d503974907ca8df37205d3eaaccaf70fa3f1
2026-09-16T23:31:19Z | FILE_PRESENT | core/chrono_core.h | SHA256=2cfa15e740ed4ed31965268b0c83a525eff4f2750c01dcd69724198797877239
2026-09-16T23:31:19Z | FILE_PRESENT | core/chrono_master_orchestrator.c | SHA256=cf3a992279ba7a09ec5e0ab8417286a7f69020039b2b801495dee8dfe393b0c4
2026-09-16T23:31:19Z | FILE_PRESENT | core/chrono_panic_protocol.c | SHA256=a4e23e4bcca66455e687b72bad02b9ee17f4dbd5e43c168d568f0170cd238770
2026-09-16T23:31:19Z | FILE_PRESENT | init/chrono-init | SHA256=ee5be7a629957245e9298a1a03747719c6f3fa2313bd7912d845e005d3851a3b
2026-09-16T23:31:19Z | FILE_PRESENT | bin/chrono | SHA256=f5b716818379937accd8dcc13903d09dfae843a38cc373fef6753a0eace8f58c
2026-09-16T23:31:19Z | FILE_PRESENT | bin/chrono-watchdog | SHA256=062a9b407ad8a2ab9dc2da06e28d52c1121f0e67240135280962e8db96210d3d
2026-09-16T23:31:19Z | FILE_PRESENT | bin/chrono-hardware-guard | SHA256=61a0611b40c58ee7feb623c2f5e5c97570d9470d74ff3a82199648cd8da1f942
2026-09-16T23:31:19Z | FILE_PRESENT | bin/chrono-shield-dns | SHA256=3f87d25d2b6229f43f95c3ea8a8984a5c6660ca60532171c59ecf08f75137b61
2026-09-16T23:31:19Z | FILE_PRESENT | bin/chrono-network-watch | SHA256=9f5ad308b4c99271ceecfc5d9d93e5fd93f06de9bd1cc18a8797e2396f5a716b
2026-09-16T23:31:19Z | FILE_PRESENT | bin/chrono-privacy-audit | SHA256=e133b66f9e7701edb2690c3e1f98f570a374b7958be7a737d42b1d8604409766
2026-09-16T23:31:19Z | FILE_PRESENT | sentinel/README.md | SHA256=d6a003935c943dcffc2cce8b314a51a2bba7cda318ea1931cbc48b46631eb600
2026-09-16T23:31:19Z | FILE_PRESENT | sentinel/sovereign/policy/sovereignty.conf | SHA256=561cb1c38f3da7c1a3a413bc3f3c4c299e4b22f39d1b0baa342ec5a4daa0db0a
2026-09-16T23:31:19Z | FILE_PRESENT | sentinel/sovereign/engine/chrono-sovereignty.sh | SHA256=a1f13356de59d254c8aae363e3fb63153769e82a07358381a2202a83435c879c
2026-09-16T23:31:19Z | FILE_PRESENT | sentinel/sovereign/engine/chrono-process-guard.sh | SHA256=33a6c8cd52dbf2cb300cce78fd77bc8ed6e2dba8c0f9bad8e45e4be128b2ce52
2026-09-16T23:31:19Z | FILE_PRESENT | sentinel/sovereign/engine/chrono-network-guard.sh | SHA256=c0cb894a1666eab4860eba8dee49908b8552798d21a5a8a215369c8d4c69c557
2026-09-16T23:31:19Z | FILE_PRESENT | sentinel/sovereign/engine/chrono-sovereign-controller.sh | SHA256=4969d09b3bbe9cb05bec3180a6497e3ef15e16cf9661136f632f67e8f08be6a0
2026-09-16T23:31:19Z | INTEGRITY_STRUCTURE_OK
2026-09-16T23:31:19Z | BASELINE_NOT_CREATED
2026-09-16T23:31:19Z | INTEGRITY_GUARD_COMPLETE
2026-09-16T23:32:18Z | INTEGRITY_GUARD_START
2026-09-16T23:32:18Z | FILE_PRESENT | VERSION | SHA256=1e5b51cde515396a9fa762909cf8ca6584ccc564b325d2eebeea76175fe95c4d
2026-09-16T23:32:18Z | FILE_PRESENT | config/chrono.conf | SHA256=981b9375530a2f214e6f231703b64cd2900c53351a62ff1ab3e451d4956740d5
2026-09-16T23:32:18Z | FILE_PRESENT | config/chrono_manifest.sha256 | SHA256=f3058d9943bca9d5d58cb4842fb1d503974907ca8df37205d3eaaccaf70fa3f1
2026-09-16T23:32:18Z | FILE_PRESENT | core/chrono_core.h | SHA256=2cfa15e740ed4ed31965268b0c83a525eff4f2750c01dcd69724198797877239
2026-09-16T23:32:18Z | FILE_PRESENT | core/chrono_master_orchestrator.c | SHA256=cf3a992279ba7a09ec5e0ab8417286a7f69020039b2b801495dee8dfe393b0c4
2026-09-16T23:32:18Z | FILE_PRESENT | core/chrono_panic_protocol.c | SHA256=a4e23e4bcca66455e687b72bad02b9ee17f4dbd5e43c168d568f0170cd238770
2026-09-16T23:32:18Z | FILE_PRESENT | init/chrono-init | SHA256=ee5be7a629957245e9298a1a03747719c6f3fa2313bd7912d845e005d3851a3b
2026-09-16T23:32:18Z | FILE_PRESENT | bin/chrono | SHA256=f5b716818379937accd8dcc13903d09dfae843a38cc373fef6753a0eace8f58c
2026-09-16T23:32:18Z | FILE_PRESENT | bin/chrono-watchdog | SHA256=062a9b407ad8a2ab9dc2da06e28d52c1121f0e67240135280962e8db96210d3d
2026-09-16T23:32:18Z | FILE_PRESENT | bin/chrono-hardware-guard | SHA256=61a0611b40c58ee7feb623c2f5e5c97570d9470d74ff3a82199648cd8da1f942
2026-09-16T23:32:18Z | FILE_PRESENT | bin/chrono-shield-dns | SHA256=3f87d25d2b6229f43f95c3ea8a8984a5c6660ca60532171c59ecf08f75137b61
2026-09-16T23:32:18Z | FILE_PRESENT | bin/chrono-network-watch | SHA256=9f5ad308b4c99271ceecfc5d9d93e5fd93f06de9bd1cc18a8797e2396f5a716b
2026-09-16T23:32:18Z | FILE_PRESENT | bin/chrono-privacy-audit | SHA256=e133b66f9e7701edb2690c3e1f98f570a374b7958be7a737d42b1d8604409766
2026-09-16T23:32:18Z | FILE_PRESENT | sentinel/README.md | SHA256=d6a003935c943dcffc2cce8b314a51a2bba7cda318ea1931cbc48b46631eb600
2026-09-16T23:32:18Z | FILE_PRESENT | sentinel/sovereign/policy/sovereignty.conf | SHA256=561cb1c38f3da7c1a3a413bc3f3c4c299e4b22f39d1b0baa342ec5a4daa0db0a
2026-09-16T23:32:18Z | FILE_PRESENT | sentinel/sovereign/engine/chrono-sovereignty.sh | SHA256=a1f13356de59d254c8aae363e3fb63153769e82a07358381a2202a83435c879c
2026-09-16T23:32:18Z | FILE_PRESENT | sentinel/sovereign/engine/chrono-process-guard.sh | SHA256=33a6c8cd52dbf2cb300cce78fd77bc8ed6e2dba8c0f9bad8e45e4be128b2ce52
2026-09-16T23:32:18Z | FILE_PRESENT | sentinel/sovereign/engine/chrono-network-guard.sh | SHA256=c0cb894a1666eab4860eba8dee49908b8552798d21a5a8a215369c8d4c69c557
2026-09-16T23:32:18Z | FILE_PRESENT | sentinel/sovereign/engine/chrono-sovereign-controller.sh | SHA256=1341f5ccde36d226e9279f87ea8d91f6cfe363d4e5c65062804507e240d776a5
2026-09-16T23:32:18Z | INTEGRITY_STRUCTURE_OK
2026-09-16T23:32:18Z | BASELINE_NOT_CREATED
2026-09-16T23:32:18Z | INTEGRITY_GUARD_COMPLETE
2026-09-16T23:34:35Z | INTEGRITY_GUARD_START
2026-09-16T23:34:35Z | FILE_PRESENT | VERSION | SHA256=1e5b51cde515396a9fa762909cf8ca6584ccc564b325d2eebeea76175fe95c4d
2026-09-16T23:34:35Z | FILE_PRESENT | config/chrono.conf | SHA256=981b9375530a2f214e6f231703b64cd2900c53351a62ff1ab3e451d4956740d5
2026-09-16T23:34:35Z | FILE_PRESENT | config/chrono_manifest.sha256 | SHA256=f3058d9943bca9d5d58cb4842fb1d503974907ca8df37205d3eaaccaf70fa3f1
2026-09-16T23:34:35Z | FILE_PRESENT | core/chrono_core.h | SHA256=2cfa15e740ed4ed31965268b0c83a525eff4f2750c01dcd69724198797877239
2026-09-16T23:34:35Z | FILE_PRESENT | core/chrono_master_orchestrator.c | SHA256=cf3a992279ba7a09ec5e0ab8417286a7f69020039b2b801495dee8dfe393b0c4
2026-09-16T23:34:35Z | FILE_PRESENT | core/chrono_panic_protocol.c | SHA256=a4e23e4bcca66455e687b72bad02b9ee17f4dbd5e43c168d568f0170cd238770
2026-09-16T23:34:36Z | FILE_PRESENT | init/chrono-init | SHA256=ee5be7a629957245e9298a1a03747719c6f3fa2313bd7912d845e005d3851a3b
2026-09-16T23:34:36Z | FILE_PRESENT | bin/chrono | SHA256=f5b716818379937accd8dcc13903d09dfae843a38cc373fef6753a0eace8f58c
2026-09-16T23:34:36Z | FILE_PRESENT | bin/chrono-watchdog | SHA256=062a9b407ad8a2ab9dc2da06e28d52c1121f0e67240135280962e8db96210d3d
2026-09-16T23:34:36Z | FILE_PRESENT | bin/chrono-hardware-guard | SHA256=61a0611b40c58ee7feb623c2f5e5c97570d9470d74ff3a82199648cd8da1f942
2026-09-16T23:34:36Z | FILE_PRESENT | bin/chrono-shield-dns | SHA256=3f87d25d2b6229f43f95c3ea8a8984a5c6660ca60532171c59ecf08f75137b61
2026-09-16T23:34:36Z | FILE_PRESENT | bin/chrono-network-watch | SHA256=9f5ad308b4c99271ceecfc5d9d93e5fd93f06de9bd1cc18a8797e2396f5a716b
2026-09-16T23:34:36Z | FILE_PRESENT | bin/chrono-privacy-audit | SHA256=e133b66f9e7701edb2690c3e1f98f570a374b7958be7a737d42b1d8604409766
2026-09-16T23:34:36Z | FILE_PRESENT | sentinel/README.md | SHA256=d6a003935c943dcffc2cce8b314a51a2bba7cda318ea1931cbc48b46631eb600
2026-09-16T23:34:36Z | FILE_PRESENT | sentinel/sovereign/policy/sovereignty.conf | SHA256=561cb1c38f3da7c1a3a413bc3f3c4c299e4b22f39d1b0baa342ec5a4daa0db0a
2026-09-16T23:34:36Z | FILE_PRESENT | sentinel/sovereign/engine/chrono-sovereignty.sh | SHA256=a1f13356de59d254c8aae363e3fb63153769e82a07358381a2202a83435c879c
2026-09-16T23:34:36Z | FILE_PRESENT | sentinel/sovereign/engine/chrono-process-guard.sh | SHA256=33a6c8cd52dbf2cb300cce78fd77bc8ed6e2dba8c0f9bad8e45e4be128b2ce52
2026-09-16T23:34:36Z | FILE_PRESENT | sentinel/sovereign/engine/chrono-network-guard.sh | SHA256=c0cb894a1666eab4860eba8dee49908b8552798d21a5a8a215369c8d4c69c557
2026-09-16T23:34:36Z | FILE_PRESENT | sentinel/sovereign/engine/chrono-sovereign-controller.sh | SHA256=14884b73bf9df5fada9d4bbce5b4bf0621785e38b7e1962ec1266ad56f7c9a63
2026-09-16T23:34:36Z | INTEGRITY_STRUCTURE_OK
2026-09-16T23:34:36Z | BASELINE_NOT_CREATED
2026-09-16T23:34:36Z | INTEGRITY_GUARD_COMPLETE
