2026-09-16T23:29:06Z | NETWORK_GUARD_START
2026-09-16T23:29:06Z | LISTENING_SOCKET_COUNT | 0
2026-09-16T23:29:06Z | NETWORK_POLICY_LOADED | /data/data/com.termux/files/home/chrono-os/sentinel/sovereign/policy/sovereignty.conf
2026-09-16T23:29:06Z | NETWORK_ISOLATION_READY
2026-09-16T23:29:06Z | AUTOMATIC_BLOCKING_DISABLED
2026-09-16T23:29:06Z | NETWORK_GUARD_COMPLETE
2026-09-16T23:29:46Z | NETWORK_GUARD_START
2026-09-16T23:29:46Z | LISTENING_SOCKET_COUNT | 0
2026-09-16T23:29:46Z | NETWORK_POLICY_LOADED | /data/data/com.termux/files/home/chrono-os/sentinel/sovereign/policy/sovereignty.conf
2026-09-16T23:29:46Z | NETWORK_ISOLATION_READY
2026-09-16T23:29:46Z | AUTOMATIC_BLOCKING_DISABLED
2026-09-16T23:29:46Z | NETWORK_GUARD_COMPLETE
2026-09-16T23:30:23Z | NETWORK_GUARD_START
2026-09-16T23:30:23Z | LISTENING_SOCKET_COUNT | 0
2026-09-16T23:30:23Z | NETWORK_POLICY_LOADED | /data/data/com.termux/files/home/chrono-os/sentinel/sovereign/policy/sovereignty.conf
2026-09-16T23:30:23Z | NETWORK_ISOLATION_READY
2026-09-16T23:30:23Z | AUTOMATIC_BLOCKING_DISABLED
2026-09-16T23:30:23Z | NETWORK_GUARD_COMPLETE
2026-09-16T23:30:43Z | NETWORK_GUARD_START
2026-09-16T23:30:43Z | LISTENING_SOCKET_COUNT | 0
2026-09-16T23:30:43Z | NETWORK_POLICY_LOADED | /data/data/com.termux/files/home/chrono-os/sentinel/sovereign/policy/sovereignty.conf
2026-09-16T23:30:43Z | NETWORK_ISOLATION_READY
2026-09-16T23:30:43Z | AUTOMATIC_BLOCKING_DISABLED
2026-09-16T23:30:43Z | NETWORK_GUARD_COMPLETE
2026-09-16T23:32:17Z | NETWORK_GUARD_START
2026-09-16T23:32:18Z | LISTENING_SOCKET_COUNT | 0
2026-09-16T23:32:18Z | NETWORK_POLICY_LOADED | /data/data/com.termux/files/home/chrono-os/sentinel/sovereign/policy/sovereignty.conf
2026-09-16T23:32:18Z | NETWORK_ISOLATION_READY
2026-09-16T23:32:18Z | AUTOMATIC_BLOCKING_DISABLED
2026-09-16T23:32:18Z | NETWORK_GUARD_COMPLETE
2026-09-16T23:34:35Z | NETWORK_GUARD_START
2026-09-16T23:34:35Z | LISTENING_SOCKET_COUNT | 0
2026-09-16T23:34:35Z | NETWORK_POLICY_LOADED | /data/data/com.termux/files/home/chrono-os/sentinel/sovereign/policy/sovereignty.conf
2026-09-16T23:34:35Z | NETWORK_ISOLATION_READY
2026-09-16T23:34:35Z | AUTOMATIC_BLOCKING_DISABLED
2026-09-16T23:34:35Z | NETWORK_GUARD_COMPLETE
