2026-09-16T23:28:51Z | SOVEREIGN_ENGINE_START
2026-09-16T23:28:51Z | SYSTEM_INTEGRITY_MONITOR_READY
2026-09-16T23:28:51Z | NETWORK_MONITOR_READY
2026-09-16T23:28:51Z | PROCESS_MONITOR_READY
2026-09-16T23:28:51Z | ANTI_PERSISTENCE_MONITOR_READY
2026-09-16T23:28:51Z | FORENSIC_ENGINE_READY
2026-09-16T23:28:51Z | SENTINEL_AI_AUTHORITY_DISABLED
2026-09-16T23:28:51Z | SOVEREIGN_ENGINE_READY
2026-09-16T23:30:23Z | SOVEREIGN_ENGINE_START
2026-09-16T23:30:23Z | SYSTEM_INTEGRITY_MONITOR_READY
2026-09-16T23:30:23Z | NETWORK_MONITOR_READY
2026-09-16T23:30:23Z | PROCESS_MONITOR_READY
2026-09-16T23:30:23Z | ANTI_PERSISTENCE_MONITOR_READY
2026-09-16T23:30:23Z | FORENSIC_ENGINE_READY
2026-09-16T23:30:23Z | SENTINEL_AI_AUTHORITY_DISABLED
2026-09-16T23:30:23Z | SOVEREIGN_ENGINE_READY
2026-09-16T23:30:42Z | SOVEREIGN_ENGINE_START
2026-09-16T23:30:42Z | SYSTEM_INTEGRITY_MONITOR_READY
2026-09-16T23:30:42Z | NETWORK_MONITOR_READY
2026-09-16T23:30:42Z | PROCESS_MONITOR_READY
2026-09-16T23:30:42Z | ANTI_PERSISTENCE_MONITOR_READY
2026-09-16T23:30:42Z | FORENSIC_ENGINE_READY
2026-09-16T23:30:42Z | SENTINEL_AI_AUTHORITY_DISABLED
2026-09-16T23:30:42Z | SOVEREIGN_ENGINE_READY
2026-09-16T23:32:17Z | SOVEREIGN_ENGINE_START
2026-09-16T23:32:17Z | SYSTEM_INTEGRITY_MONITOR_READY
2026-09-16T23:32:17Z | NETWORK_MONITOR_READY
2026-09-16T23:32:17Z | PROCESS_MONITOR_READY
2026-09-16T23:32:17Z | ANTI_PERSISTENCE_MONITOR_READY
2026-09-16T23:32:17Z | FORENSIC_ENGINE_READY
2026-09-16T23:32:17Z | SENTINEL_AI_AUTHORITY_DISABLED
2026-09-16T23:32:17Z | SOVEREIGN_ENGINE_READY
2026-09-16T23:34:35Z | SOVEREIGN_ENGINE_START
2026-09-16T23:34:35Z | SYSTEM_INTEGRITY_MONITOR_READY
2026-09-16T23:34:35Z | NETWORK_MONITOR_READY
2026-09-16T23:34:35Z | PROCESS_MONITOR_READY
2026-09-16T23:34:35Z | ANTI_PERSISTENCE_MONITOR_READY
2026-09-16T23:34:35Z | FORENSIC_ENGINE_READY
2026-09-16T23:34:35Z | SENTINEL_AI_AUTHORITY_DISABLED
2026-09-16T23:34:35Z | SOVEREIGN_ENGINE_READY
